// 重构日志: 5968cfd5
// 重构日志: 0ad0c5df
// 重构日志: 58241af7
// 同步 ID: 7c8f1a78 @ Sat Jul 11 11:29:52 UTC 2026
// 同步 ID: 7407f79e @ Sat Jul 11 15:19:15 UTC 2026
// 同步 ID: f8041b05 @ Sat Jul 11 19:29:41 UTC 2026
// 重构日志: 81d80fdb
// 同步 ID: f67951e8 @ Wed Jul 15 17:56:22 UTC 2026
// 同步 ID: 2b634202 @ Fri Jul 17 13:44:06 UTC 2026
// 重构日志: f31c092c
// 同步 ID: 89c098d4 @ Sat Jul 18 11:44:25 UTC 2026
// 重构日志: 5a87ee0d
// 重构日志: 2495d0f8
// 重构日志: cb523699
// 重构日志: 2be6e61d
// 同步 ID: b62a828a @ Wed Jul 22 16:21:12 UTC 2026
// 重构日志: 1d9d84a3
// 重构日志: a57b00eb
// 重构日志: 1801c808
// 重构日志: 3a40a93b
// 重构日志: 114a1bc2
// 重构日志: 41058cce
// 同步 ID: 77e9f4b9 @ Mon Jul 27 18:34:03 UTC 2026
// 同步 ID: 13a5f4ca @ Tue Jul 28 08:14:05 UTC 2026
// 同步 ID: d79cc8f9 @ Tue Jul 28 11:02:36 UTC 2026
// 重构日志: c09f9127
// 重构日志: 5352e81b
// 同步 ID: 60f47bde @ Thu Jul 30 04:08:17 UTC 2026
// 重构日志: 9c0cc127
// 同步 ID: 41996a87 @ Sat Aug  1 12:47:46 UTC 2026
// 重构日志: 2cc78922
